python : C:\Users\cha
ru\OneDrive\Desktop\p
athseeker 
2\path\app.py:23: 
LegacyAPIWarning: 
The Query.get() 
method is considered 
legacy as of the 1.x 
series of SQLAlchemy 
and becomes a legacy 
construct in 2.0. 
The method is now 
available as 
Session.get() 
(deprecated since: 
2.0) (Background on 
SQLAlchemy 2.0 at: ht
tps://sqlalche.me/e/b
8d9)
At line:1 char:1
+ python 
verify_rating.py > 
test_output.txt 2>&1
+ ~~~~~~~~~~~~~~~~~~~
~~~~~~~~~~~~~~~~~~~~~
~~~~~~
    + CategoryInfo   
           : NotSpe  
  cified: (C:\User   
 s\charu\...lche.    
me/e/b8d9):Strin    
g) [], RemoteExc    
eption
    + FullyQualified 
   ErrorId : Native  
  CommandError
 
  return User.query.g
et(int(user_id))
C:\Users\charu\AppDat
a\Local\Programs\Pyth
on\Python311\Lib\site
-packages\flask_sqlal
chemy\query.py:30: 
LegacyAPIWarning: 
The Query.get() 
method is considered 
legacy as of the 1.x 
series of SQLAlchemy 
and becomes a legacy 
construct in 2.0. 
The method is now 
available as 
Session.get() 
(deprecated since: 
2.0) (Background on 
SQLAlchemy 2.0 at: ht
tps://sqlalche.me/e/b
8d9)
  rv = 
self.get(ident)
C:\Users\charu\OneDri
ve\Desktop\pathseeker
 2\path\app.py:173: 
LegacyAPIWarning: 
The Query.get() 
method is considered 
legacy as of the 1.x 
series of SQLAlchemy 
and becomes a legacy 
construct in 2.0. 
The method is now 
available as 
Session.get() 
(deprecated since: 
2.0) (Background on 
SQLAlchemy 2.0 at: ht
tps://sqlalche.me/e/b
8d9)
  moment = CareerMome
nt.query.get(reply.mo
ment_id)
C:\Users\charu\OneDri
ve\Desktop\pathseeker
 2\path\app.py:211: 
LegacyAPIWarning: 
The Query.get() 
method is considered 
legacy as of the 1.x 
series of SQLAlchemy 
and becomes a legacy 
construct in 2.0. 
The method is now 
available as 
Session.get() 
(deprecated since: 
2.0) (Background on 
SQLAlchemy 2.0 at: ht
tps://sqlalche.me/e/b
8d9)
  mentor = User.query
.get(reply.mentor_id)
.
---------------------
---------------------
---------------------
-------
Ran 1 test in 1.275s

OK
